// Jest Snapshot v1, https://goo.gl/fbAQLP

exports[`should render Grid correctly 1`] = `
<div
  className="grid"
>
  <div
    className="row"
    key="row0"
  />
</div>
`;

exports[`should render Grid correctly with props 1`] = `
<div
  className="grid"
>
  <div
    className="row"
    key="row0"
  />
</div>
`;
